Copyright 1986-2022 Xilinx, Inc. All Rights Reserved. Copyright 2022-2024 Advanced Micro Devices, Inc. All Rights Reserved.
---------------------------------------------------------------------------------------------------------------------------------------------
| Tool Version : Vivado v.2024.2 (win64) Build 5239630 Fri Nov 08 22:35:27 MST 2024
| Date         : Fri Jul 11 16:42:36 2025
| Host         : MEOW running 64-bit major release  (build 9200)
| Command      : report_control_sets -verbose -file Top_Module_control_sets_placed.rpt
| Design       : Top_Module
| Device       : xc7a35t
---------------------------------------------------------------------------------------------------------------------------------------------

Control Set Information

Table of Contents
-----------------
1. Summary
2. Histogram
3. Flip-Flop Distribution
4. Detailed Control Set Information

1. Summary
----------

+----------------------------------------------------------+-------+
|                          Status                          | Count |
+----------------------------------------------------------+-------+
| Total control sets                                       |     8 |
|    Minimum number of control sets                        |     8 |
|    Addition due to synthesis replication                 |     0 |
|    Addition due to physical synthesis replication        |     0 |
| Unused register locations in slices containing registers |    34 |
+----------------------------------------------------------+-------+
* Control sets can be merged at opt_design using control_set_merge or merge_equivalent_drivers
** Run report_qor_suggestions for automated merging and remapping suggestions


2. Histogram
------------

+--------------------+-------+
|       Fanout       | Count |
+--------------------+-------+
| Total control sets |     8 |
| >= 0 to < 4        |     2 |
| >= 4 to < 6        |     2 |
| >= 6 to < 8        |     1 |
| >= 8 to < 10       |     0 |
| >= 10 to < 12      |     0 |
| >= 12 to < 14      |     0 |
| >= 14 to < 16      |     0 |
| >= 16              |     3 |
+--------------------+-------+
* Control sets can be remapped at either synth_design or opt_design


3. Flip-Flop Distribution
-------------------------

+--------------+-----------------------+------------------------+-----------------+--------------+
| Clock Enable | Synchronous Set/Reset | Asynchronous Set/Reset | Total Registers | Total Slices |
+--------------+-----------------------+------------------------+-----------------+--------------+
| No           | No                    | No                     |              26 |           10 |
| No           | No                    | Yes                    |               0 |            0 |
| No           | Yes                   | No                     |              32 |           11 |
| Yes          | No                    | No                     |               0 |            0 |
| Yes          | No                    | Yes                    |               0 |            0 |
| Yes          | Yes                   | No                     |              28 |            7 |
+--------------+-----------------------+------------------------+-----------------+--------------+


4. Detailed Control Set Information
-----------------------------------

+---------------------------+---------------+---------------------------------+------------------+----------------+--------------+
|        Clock Signal       | Enable Signal |         Set/Reset Signal        | Slice Load Count | Bel Load Count | Bels / Slice |
+---------------------------+---------------+---------------------------------+------------------+----------------+--------------+
|  USCK/CLK                 |               |                                 |                1 |              2 |         2.00 |
|  clk_IBUF_BUFG            |               |                                 |                2 |              2 |         1.00 |
|  UTC/UTC/CLK              |               |                                 |                1 |              5 |         5.00 |
|  UTC/UTC/CLK              |               | reset_IBUF                      |                1 |              5 |         5.00 |
|  clk_IBUF_BUFG            |               | reset_IBUF                      |                4 |              6 |         1.50 |
|  UMSG/led_reg[14]_i_2_n_0 |               |                                 |                6 |             17 |         2.83 |
|  clk_IBUF_BUFG            |               | USCK/clk_out                    |                6 |             21 |         3.50 |
|  clk_IBUF_BUFG            | UTC/UTC/sel   | UTC/UTC/period_count[0]_i_1_n_0 |                7 |             28 |         4.00 |
+---------------------------+---------------+---------------------------------+------------------+----------------+--------------+


